
[38;5;52m[48;5;225m- Snapshot  - 2[0m
[38;5;22m[48;5;159m+ Received + 10[0m

there is a diff here
