
[38;5;52m[48;5;225m- Snapshot - 10000[0m
[38;5;22m[48;5;159m+ Received    + 20[0m

mock-diff
[2mat snap/path:20
[0m