
[38;5;52m[48;5;225m- Snapshot - 1[0m
[38;5;22m[48;5;159m+ Received + 0[0m

[48;5;225m[38;5;52m- [0m[48;5;225m[38;5;52msingle line snap[0m[48;5;127m[38;5;255mâ†µ[0m
[48;5;159m[38;5;22m+ [0m[48;5;159m[38;5;22msingle line snap[0m

[2mat snap/path:10
[0m