
[38;5;52m[48;5;225m- Snapshot - 20[0m
[38;5;22m[48;5;159m+ Received + 20[0m

[48;5;225m[38;5;52m- [0m[48;5;225m[38;5;52mabc[0m[48;5;127m[38;5;255md[0m[48;5;225m[38;5;52mabc[0m[48;5;127m[38;5;255md[0m[48;5;225m[38;5;52mabc[0m[48;5;127m[38;5;255md[0m[48;5;225m[38;5;52mabc[0m[48;5;127m[38;5;255md[0m[48;5;225m[38;5;52mabc[0m[48;5;127m[38;5;255md[0m[48;5;225m[38;5;52mabc[0m[48;5;127m[38;5;255md[0m[48;5;225m[38;5;52mabc[0m[48;5;127m[38;5;255md[0m[48;5;225m[38;5;52mabc[0m[48;5;127m[38;5;255md[0m[48;5;225m[38;5;52mabc[0m[48;5;127m[38;5;255md[0m[48;5;225m[38;5;52mabc[0m[48;5;127m[38;5;255md[0m[48;5;225m[38;5;52mabc[0m[48;5;127m[38;5;255md[0m[48;5;225m[38;5;52mabc[0m[48;5;127m[38;5;255md[0m[48;5;225m[38;5;52mabc[0m[48;5;127m[38;5;255md[0m[48;5;225m[38;5;52mabc[0m[48;5;127m[38;5;255md[0m[48;5;225m[38;5;52mabc[0m[48;5;127m[38;5;255md[0m[48;5;225m[38;5;52mabc[0m[48;5;127m[38;5;255md[0m[48;5;225m[38;5;52mabc[0m[48;5;127m[38;5;255md[0m[48;5;225m[38;5;52mabc[0m[48;5;127m[38;5;255md[0m[48;5;225m[38;5;52mabc[0m[48;5;127m[38;5;255md[0m[48;5;225m[38;5;52mabc[0m[48;5;127m[38;5;255md[0m
[48;5;159m[38;5;22m+ [0m[48;5;159m[38;5;22mabc[0m[48;5;23m[38;5;255mf[0m[48;5;159m[38;5;22mabc[0m[48;5;23m[38;5;255mf[0m[48;5;159m[38;5;22mabc[0m[48;5;23m[38;5;255mf[0m[48;5;159m[38;5;22mabc[0m[48;5;23m[38;5;255mf[0m[48;5;159m[38;5;22mabc[0m[48;5;23m[38;5;255mf[0m[48;5;159m[38;5;22mabc[0m[48;5;23m[38;5;255mf[0m[48;5;159m[38;5;22mabc[0m[48;5;23m[38;5;255mf[0m[48;5;159m[38;5;22mabc[0m[48;5;23m[38;5;255mf[0m[48;5;159m[38;5;22mabc[0m[48;5;23m[38;5;255mf[0m[48;5;159m[38;5;22mabc[0m[48;5;23m[38;5;255mf[0m[48;5;159m[38;5;22mabc[0m[48;5;23m[38;5;255mf[0m[48;5;159m[38;5;22mabc[0m[48;5;23m[38;5;255mf[0m[48;5;159m[38;5;22mabc[0m[48;5;23m[38;5;255mf[0m[48;5;159m[38;5;22mabc[0m[48;5;23m[38;5;255mf[0m[48;5;159m[38;5;22mabc[0m[48;5;23m[38;5;255mf[0m[48;5;159m[38;5;22mabc[0m[48;5;23m[38;5;255mf[0m[48;5;159m[38;5;22mabc[0m[48;5;23m[38;5;255mf[0m[48;5;159m[38;5;22mabc[0m[48;5;23m[38;5;255mf[0m[48;5;159m[38;5;22mabc[0m[48;5;23m[38;5;255mf[0m[48;5;159m[38;5;22mabc[0m[48;5;23m[38;5;255mf[0m

[2mat snap/path:10
[0m