
[1;38;5;255mSnapshot Summary[0m

[32;1m
â€º 1 snapshot test removed
[0m[2m  â†³  â€¢ TestMock/should_pass - 1
[0m