
[38;5;52m[48;5;225m- Snapshot - 3[0m
[38;5;22m[48;5;159m+ Received + 0[0m

  [2msnapshot
[0m[38;5;52m[48;5;225m- [0m
  [2m         with multiple lines
[0m[38;5;52m[48;5;225m- [0m
[38;5;52m[48;5;225m-          diff[0m
  [2m                          
[0m
[2mat snap/path:10
[0m