
- Snapshot - 1
+ Received + 1

- abcdabcdabcdabcdabcdabcdabcdabcdabcdabcdabcdabcdabcdabcdabcdabcdabcdabcdabcdabcd
+ abcfabcfabcfabcfabcfabcfabcfabcfabcfabcfabcfabcfabcfabcfabcfabcfabcfabcfabcfabcf

at snap/path:10
