
[1;38;5;255mSnapshot Summary[0m

[32;1m
â€º 1 snapshot file removed
[0m[2m  â†³  â€¢ test0.snap
[0m