
[1;38;5;255mSnapshot Summary[0m

[32;1mâœ“ 10 snapshots passed
[0m[31;1mâœ• 100 snapshots failed
[0m[32;1mâœŽ 5 snapshots added
[0m[32;1mâœŽ 3 snapshots updated
[0m[33;1mâŸ³ 5 snapshots skipped
[0m[33;1m
â€º 1 snapshot file obsolete
[0m[2m  â†³  â€¢ test0.snap
[0m[33;1m
â€º 1 snapshot test obsolete
[0m[2m  â†³  â€¢ TestMock/should_pass - 1
[0m[2m
To remove them, re-run tests with `UPDATE_SNAPS=clean go test ./...`
[0m