
[1;38;5;255mSnapshot Summary[0m

[32;1mâœ“ 10 snapshots passed
[0m[31;1mâœ• 100 snapshots failed
[0m[32;1mâœŽ 5 snapshots added
[0m[32;1mâœŽ 3 snapshots updated
[0m