
[1;38;5;255mSnapshot Summary[0m

[33;1m‚ü≥ 1 snapshot skipped
[0m