
[1;38;5;255mSnapshot Summary[0m

[33;1m
â€º 1 snapshot file obsolete
[0m[2m  â†³  â€¢ test0.snap
[0m[2m
To remove it, re-run tests with `UPDATE_SNAPS=clean go test ./...`
[0m