{
 "age": 30,
 "email": "mock-user@email.com",
 "id": 1,
 "name": "mock-user",
 "preferences": {
  "design": {
   "background": "blue",
   "font": "serif"
  },
  "language": "en",
  "theme": "dark"
 }
}