
[1;38;5;255mSnapshot Summary[0m

[33;1m
â€º 2 snapshot tests obsolete
[0m[2m  â†³  â€¢ TestMock/should_pass - 1
[0m[2m  â†³  â€¢ TestMock/should_pass - 2
[0m[2m
To remove them, re-run tests with `UPDATE_SNAPS=clean go test ./...`
[0m