map[string]int{"value-0":0, "value-1":1, "value-2":2, "value-3":3}