{
            "user": "gkampitakis",
            "id": 1234567,
            "data": [ ]
        }