map[string]interface {}{
    "test": func() {...},
}