{
 "data": {
  "createdAt": "<Any value>",
  "message": "hello world"
 }
}