map[string]interface {}{
    "mock-0": "value",
    "mock-1": int(2),
    "mock-2": func() {...},
    "mock-3": float32(10.399999618530273),
}