Ut enim ad minim veniam, quis nostrud laboris nisi ut aliquip ex ea commodo consequat.