&bytes.Buffer{
    buf:      {0x42, 0x75, 0x66, 0x66, 0x65, 0x72, 0x20, 0x73, 0x74, 0x72, 0x69, 0x6e, 0x67},
    off:      0,
    lastRead: 0,
}